// Jest Snapshot v1, https://goo.gl/fbAQLP

exports[`AppComponent ==> Test UI   AppComponent : should render correctly 1`] = `ShallowWrapper {}`;

exports[`FooterComponent ==> Test UI   FooterComponent : should render correctly 1`] = `ShallowWrapper {}`;

exports[`FooterComponent ==> UI   FooterComponent : should render correctly 1`] = `ShallowWrapper {}`;
